[SS-001] |medium| {/securityDefinitions[notype_auth]->type} :: Security Scheme is missing a type.
[SS-002] |medium| {/securityDefinitions[apikey_auth_1]->name} :: API Key Security Scheme is missing a parameter name (e.g. name of a header or query param).
[SS-003] |medium| {/securityDefinitions[apikey_auth_1]->in} :: API Key Security Scheme must describe where the Key can be found (e.g. header, query param, etc).
[SS-004] |medium| {/securityDefinitions[oauth2_auth_1]->flow} :: OAuth Security Scheme is missing a flow type.
[SS-007] |medium| {/securityDefinitions[oauth2_auth_1]->scopes} :: OAuth Security Scheme is missing defined scopes.
[SS-005] |medium| {/securityDefinitions[oauth2_auth_2]->authorizationUrl} :: OAuth Security Scheme is missing an Authorization URL.
[SS-007] |medium| {/securityDefinitions[oauth2_auth_2]->scopes} :: OAuth Security Scheme is missing defined scopes.
[SS-005] |medium| {/securityDefinitions[oauth2_auth_3]->authorizationUrl} :: OAuth Security Scheme is missing an Authorization URL.
[SS-006] |medium| {/securityDefinitions[oauth2_auth_3]->tokenUrl} :: OAuth Security Scheme is missing a Token URL.
[SS-007] |medium| {/securityDefinitions[oauth2_auth_3]->scopes} :: OAuth Security Scheme is missing defined scopes.
[SS-006] |medium| {/securityDefinitions[oauth2_auth_4]->tokenUrl} :: OAuth Security Scheme is missing a Token URL.
[SS-007] |medium| {/securityDefinitions[oauth2_auth_4]->scopes} :: OAuth Security Scheme is missing defined scopes.
[SS-006] |medium| {/securityDefinitions[oauth2_auth_5]->tokenUrl} :: OAuth Security Scheme is missing a Token URL.
[SS-007] |medium| {/securityDefinitions[oauth2_auth_5]->scopes} :: OAuth Security Scheme is missing defined scopes.