[OPERATION_ID_ADDED] |NON_BREAKING| :: Operation ID '${OperationID}' added | /paths[/tests]/get
[OPERATION_ID_MODIFIED] |DANGEROUS| :: Operation ID changed from '${OldOperationID}' to '${NewOperationID}' | /paths[/tests/{id}]/put
[OPERATION_ID_REMOVED] |DANGEROUS| :: Operation ID '${OperationID}' removed | /paths[/tests]/post
