[OPERATION_ID_ADDED] |NON_BREAKING| :: Operation ID 'getOperations' added | /paths[/tests]/get
[OPERATION_ID_MODIFIED] |DANGEROUS| :: Operation ID changed from 'updateTestById' to 'updateTest' | /paths[/tests/{id}]/put
[OPERATION_ID_REMOVED] |DANGEROUS| :: Operation ID 'createTest' removed | /paths[/tests]/post
