[TAG-003] |medium| {/tags[1]->store} :: Duplicate tag 'store' found (every tag must have a unique name).
[TAG-003] |medium| {/tags[2]->store} :: Duplicate tag 'store' found (every tag must have a unique name).
[OP-003] |medium| {/paths[/pet]/put->operationId} :: Duplicate operationId 'addPet' found (operation IDs must be unique across all operations in the API).
[OP-003] |medium| {/paths[/pet]/post->operationId} :: Duplicate operationId 'addPet' found (operation IDs must be unique across all operations in the API).
[PAR-019] |medium| {/paths[/pet/findByStatus]/get/parameters[0]->in} :: Duplicate query parameter named 'status' found (parameters must be unique by name and location).
[PAR-019] |medium| {/paths[/pet/findByStatus]/get/parameters[1]->in} :: Duplicate query parameter named 'status' found (parameters must be unique by name and location).
[PAR-019] |medium| {/paths[/pet/findByTags]/get/parameters[0]->in} :: Duplicate query parameter named 'tags' found (parameters must be unique by name and location).
[PAR-019] |medium| {/paths[/pet/findByTags]/get/parameters[1]->in} :: Duplicate query parameter named 'tags' found (parameters must be unique by name and location).
[PAR-019] |medium| {/paths[/pet/findByTags]/get/parameters[2]->in} :: Duplicate query parameter named 'tags' found (parameters must be unique by name and location).
[OP-003] |medium| {/paths[/pet/{petId}]/get->operationId} :: Duplicate operationId 'getPetById' found (operation IDs must be unique across all operations in the API).
[OP-003] |medium| {/paths[/pet/{petId}]/post->operationId} :: Duplicate operationId 'getPetById' found (operation IDs must be unique across all operations in the API).
[OP-003] |medium| {/paths[/pet/{petId}]/delete->operationId} :: Duplicate operationId 'getPetById' found (operation IDs must be unique across all operations in the API).
[PAR-020] |medium| {/paths[/store/order]/post/parameters[0]->in} :: Operation has multiple "body" parameters.
[PAR-020] |medium| {/paths[/store/order]/post/parameters[1]->in} :: Operation has multiple "body" parameters.